// Jest Snapshot v1, https://goo.gl/fbAQLP

exports[`Details render Details Components 1`] = `[Function]`;
