// Jest Snapshot v1, https://goo.gl/fbAQLP

exports[`Home render Home Components 1`] = `[Function]`;
