// Jest Snapshot v1, https://goo.gl/fbAQLP

exports[`Nav renders Nav component correctly 1`] = `
<div>
  <nav
    class="nav"
  >
    <a
      href="/"
    >
      <div
        class="Back-Button"
      >
        &lt;
      </div>
    </a>
  </nav>
</div>
`;
